{
  "Properties": {
    "SetBuildDefaultEnvironmentVariablesDependsOn": "\r\n      AddExternalIncludDirectoriesToPaths;\r\n      \r\n    ",
    "_GenerateAppxManifestDependsOn": ";_FixVCLibs120References",
    "PrepareForRunDependsOn": "\r\n            _CalculatePostXamarinTelemetry;\r\n            _PostXamarinTelemetry;\r\n            \r\n      CopyFilesToOutputDirectory\r\n    \r\n        ",
    "RunCodeAnalysisDependsOn": "",
    "RunMergeNativeCodeAnalysisDependsOn": "",
    "PrepareForBuildDependsOn": "_CheckWindowsSDKInstalled;;GetFrameworkPaths;GetReferenceAssemblyPaths;AssignLinkMetadata;SetCABuildNativeEnvironmentVariables",
    "PrepareResourcesDependsOn": "ResolveNuGetPackageAssets;\r\n      XamlMarkupCompilePass1;\r\n      XamlMarkupCompilePass2;\r\n      \r\n      ;\r\n      PrepareResourceNames;\r\n      ResGen;\r\n      CompileLicxFiles\r\n     \r\n    ",
    "CoreCompileDependsOn": "",
    "ResolveReferencesDependsOn": "_PrepareForReferenceResolution;ComputeCrtSDKReference;\r\n      \r\n      BeforeResolveReferences;\r\n      AssignProjectConfiguration;\r\n      ResolveProjectReferences;\r\n      FindInvalidProjectReferences;\r\n      ResolveNativeReferences;\r\n      ResolveAssemblyReferences;\r\n      GenerateBindingRedirects;\r\n      GenerateBindingRedirectsUpdateAppConfig;\r\n      ResolveComReferences;\r\n      AfterResolveReferences\r\n    ;\r\n      ResolveTestReferences\r\n    ",
    "DesktopBridgeOutputGroupsDependsOn": "\r\n      ;\r\n      BuildOnlySettings;\r\n      PrepareForBuild;\r\n      AssignTargetPaths;\r\n      ResolveReferences\r\n    ",
    "DesktopBridgeCopyLocalOutputGroupDependsOn": "\r\n      \r\n      ;\r\n      BuildOnlySettings;\r\n      PrepareForBuild;\r\n      AssignTargetPaths;\r\n      ResolveReferences\r\n    ;\r\n      ;\r\n    ",
    "DesktopBridgeComFilesOutputGroupDependsOn": "\r\n      \r\n      ;\r\n      BuildOnlySettings;\r\n      PrepareForBuild;\r\n      AssignTargetPaths;\r\n      ResolveReferences\r\n    \r\n      ;\r\n    ",
    "DesktopBridgePublishItemsOutputGroupDependsOn": "\r\n      \r\n      ;\r\n      BuildOnlySettings;\r\n      PrepareForBuild;\r\n      AssignTargetPaths;\r\n      ResolveReferences\r\n    ;\r\n      ;\r\n      PublishItemsOutputGroup\r\n    ",
    "DesktopBridgeFrameworkSDKRegistrationOutputGroupDependsOn": "\r\n      \r\n      ;\r\n      BuildOnlySettings;\r\n      PrepareForBuild;\r\n      AssignTargetPaths;\r\n      ResolveReferences\r\n    ;\r\n      \r\n    ",
    "ResolveAssemblyReferencesDependsOn": "_PrepareForReferenceResolution;\r\n      ResolveProjectReferences;\r\n      FindInvalidProjectReferences;\r\n      GetFrameworkPaths;\r\n      GetReferenceAssemblyPaths;\r\n      PrepareForBuild;\r\n      ResolveSDKReferences;\r\n      ExpandSDKReferences;\r\n    ;ResolveNuGetPackageAssets",
    "ResolveNuGetPackageAssetsDependsOn": "ResolveProjectReferences",
    "BuildDependsOn": "SetTelemetryEnvironmentVariables;\r\n      _PrepareForBuild;\r\n      \r\n      ResolveReferences;\r\n      PrepareForBuild;\r\n      InitializeBuildStatus;\r\n      BuildGenerateSources;\r\n      BuildCompile;\r\n      BuildLink;\r\n    ;\r\n      AfterBuild;\r\n      IncrementalClean;\r\n      TlogCleanup;\r\n      FinalizeBuildStatus;\r\n    ",
    "RebuildDependsOn": "SetTelemetryEnvironmentVariables;\r\n      _PrepareForRebuild;\r\n      \r\n      BeforeRebuild;\r\n      Clean;\r\n      Build;\r\n      AfterRebuild;\r\n    ;\r\n    ",
    "CleanDependsOn": "\r\n      \r\n      _PrepareForClean;\r\n      \r\n      BeforeClean;\r\n      UnmanagedUnregistration;\r\n      CoreClean;\r\n      CleanReferencedProjects;\r\n      CleanPublishFolder;\r\n      AfterClean\r\n    ;\r\n    ;\r\n      CppClean\r\n    ",
    "GetReferenceAssemblyPathsDependsOn": "_PrepareForReferenceResolution;",
    "ResolveSDKReferencesDependsOn": "_PrepareForReferenceResolution;ComputeCrtSDKReference;\r\n      GetInstalledSDKLocations\r\n    ",
    "_ManifestDependsOn": "\r\n      ;\r\n      \r\n      ;\r\n      ComputeManifestInputsTargets;\r\n    ;\r\n      Manifest;\r\n      ComputeManifestGeneratedLinkerInputs;\r\n    ",
    "GetTargetPathDependsOn": "_PrepareForReferenceResolution;GetResolvedWinMD;",
    "ComputeIntermediateSatelliteAssembliesDependsOn": "\r\n      CreateManifestResourceNames\r\n    ",
    "GetClCommandLineForReferenceDependsOn": "\r\n      GetPublicIncludeDirectories;\r\n      ;\r\n    ",
    "GetProjectInfoForReferenceDependsOn": "\r\n      \r\n      ;\r\n      AddPublicIncludeDirectoriesToProjectsInfoForReference;\r\n    ;\r\n      AddPublicBMIsToProjectsInfoForReference;\r\n      AddDeployRecipeFileToProjectsInfoForReference;\r\n      AddLibrariesToProjectsInfoForReference;\r\n    ",
    "AllProjectOutputGroupsDependsOn": "\r\n      ;\r\n      BuiltProjectOutputGroup;\r\n      DebugSymbolsProjectOutputGroup;\r\n      DocumentationProjectOutputGroup;\r\n      SatelliteDllsProjectOutputGroup;\r\n      SourceFilesProjectOutputGroup;\r\n      ContentFilesProjectOutputGroup;\r\n      SGenFilesOutputGroup\r\n    ",
    "BuiltProjectOutputGroupDependsOn": "PrepareForBuild",
    "DebugSymbolsProjectOutputGroupDependsOn": "",
    "DocumentationProjectOutputGroupDependsOn": "ResolvedXDCMake;ComputeCLCompileGeneratedXDCFiles",
    "SourceFilesProjectOutputGroupDependsOn": "PrepareForBuild;AssignTargetPaths",
    "ContentFilesProjectOutputGroupDependsOn": "PrepareForBuild;AssignTargetPaths;PrepareForBuild;AssignTargetPaths;MakeDirsForFxc;_CreateCopyFileItems;",
    "GetCopyToOutputDirectoryItemsDependsOn": "\r\n      AssignTargetPaths;\r\n      \r\n      AssignProjectConfiguration;\r\n      _SplitProjectReferencesByFileExistence\r\n    ;\r\n      _GetProjectReferenceTargetFrameworkProperties;\r\n      _PopulateCommonStateForGetCopyToOutputDirectoryItems\r\n    ",
    "CopyLocalNativeReferenceDependsOn": ";BuiltProjectOutputGroupDependencies;DebugSymbolsProjectOutputGroupDependencies",
    "CreateRecipeFileDependsOn": "BuiltProjectOutputGroup;SatelliteDllsProjectOutputGroup;ContentFilesProjectOutputGroup;GetReferencedVCProjectsInfo",
    "WriteAnalysisResultManifestDependsOn": "",
    "ClangTidyDependsOn": "\r\n      BeforeClangTidy;\r\n      ;\r\n      AfterClangTidy;\r\n    ",
    "CppCleanDependsOn": "\r\n      BeforeCppClean;\r\n      ;\r\n      CoreCppClean;\r\n      AfterCppClean;\r\n    ;PGInstrumentedClean"
  }
}
