{
  "Properties": {
    "AddExternalIncludDirectoriesToPathsDependsOn": "",
    "AllProjectOutputGroupsDependsOn": "\r\n      ;\r\n      BuiltProjectOutputGroup;\r\n      DebugSymbolsProjectOutputGroup;\r\n      DocumentationProjectOutputGroup;\r\n      SatelliteDllsProjectOutputGroup;\r\n      SourceFilesProjectOutputGroup;\r\n      ContentFilesProjectOutputGroup;\r\n      SGenFilesOutputGroup\r\n    ",
    "AssignTargetPathsDependsOn": "",
    "BuildDependsOn": "SetTelemetryEnvironmentVariables;\r\n      _PrepareForBuild;\r\n      \r\n      ResolveReferences;\r\n      PrepareForBuild;\r\n      InitializeBuildStatus;\r\n      BuildGenerateSources;\r\n      BuildCompile;\r\n      BuildLink;\r\n    ;\r\n      AfterBuild;\r\n      IncrementalClean;\r\n      TlogCleanup;\r\n      FinalizeBuildStatus;\r\n    ",
    "BuiltProjectOutputGroupDependenciesDependsOn": "\r\n      ;\r\n      \r\n      ;\r\n      BuildOnlySettings;\r\n      PrepareForBuild;\r\n      AssignTargetPaths;\r\n      ResolveReferences\r\n    \r\n    ",
    "BuiltProjectOutputGroupDependsOn": "PrepareForBuild",
    "ClangTidyDependsOn": "\r\n      BeforeClangTidy;\r\n      ;\r\n      AfterClangTidy;\r\n    ",
    "CleanDependsOn": "\r\n      \r\n      _PrepareForClean;\r\n      \r\n      BeforeClean;\r\n      UnmanagedUnregistration;\r\n      CoreClean;\r\n      CleanReferencedProjects;\r\n      CleanPublishFolder;\r\n      AfterClean\r\n    ;\r\n    ;\r\n      CppClean\r\n    ",
    "CommonOutputGroupsDependsOn": "\r\n      ;\r\n      BuildOnlySettings;\r\n      PrepareForBuild;\r\n      AssignTargetPaths;\r\n      ResolveReferences\r\n    ",
    "CompileDependsOn": "\r\n      ResolveReferences;\r\n      ResolveKeySource;\r\n      SetWin32ManifestProperties;\r\n      _SetPreferNativeArm64Win32ManifestProperties;\r\n      FindReferenceAssembliesForReferences;\r\n      _GenerateCompileInputs;\r\n      BeforeCompile;\r\n      _TimeStampBeforeCompile;\r\n      _GenerateCompileDependencyCache;\r\n      CoreCompile;\r\n      _TimeStampAfterCompile;\r\n      AfterCompile;\r\n    ",
    "CompileLicxFilesDependsOn": "",
    "ComputeCLCompileGeneratedSbrFilesDependsOn": "",
    "ComputeCLCompileGeneratedXDCFilesDependsOn": "",
    "ComputeIntermediateSatelliteAssembliesDependsOn": "\r\n      CreateManifestResourceNames\r\n    ",
    "ComputeMIDLGeneratedCompileInputsDependsOn": "",
    "ContentFilesProjectOutputGroupDependsOn": "PrepareForBuild;AssignTargetPaths;PrepareForBuild;AssignTargetPaths;MakeDirsForFxc;_CreateCopyFileItems;",
    "CopyLocalNativeReferenceDependsOn": ";BuiltProjectOutputGroupDependencies;DebugSymbolsProjectOutputGroupDependencies",
    "CoreBuildDependsOn": "\r\n      BuildOnlySettings;\r\n      PrepareForBuild;\r\n      PreBuildEvent;\r\n      ResolveReferences;\r\n      PrepareResources;\r\n      ResolveKeySource;\r\n      Compile;\r\n      ExportWindowsMDFile;\r\n      UnmanagedUnregistration;\r\n      GenerateSerializationAssemblies;\r\n      CreateSatelliteAssemblies;\r\n      GenerateManifests;\r\n      GetTargetPath;\r\n      PrepareForRun;\r\n      UnmanagedRegistration;\r\n      IncrementalClean;\r\n      PostBuildEvent\r\n    ",
    "CoreCleanDependsOn": "",
    "CoreCompileDependsOn": "",
    "CoreCppCleanDependsOn": "",
    "CoreResGenDependsOn": "FindReferenceAssembliesForReferences",
    "CppCleanDependsOn": "\r\n      BeforeCppClean;\r\n      ;\r\n      CoreCppClean;\r\n      AfterCppClean;\r\n    ;PGInstrumentedClean",
    "CreateCustomManifestResourceNamesDependsOn": "",
    "CreateManifestResourceNamesDependsOn": "",
    "CreateRecipeFileDependsOn": "BuiltProjectOutputGroup;SatelliteDllsProjectOutputGroup;ContentFilesProjectOutputGroup;GetReferencedVCProjectsInfo",
    "CreateSatelliteAssembliesDependsOn": "\r\n      ;\r\n      _GenerateSatelliteAssemblyInputs;\r\n      ComputeIntermediateSatelliteAssemblies;\r\n      GenerateSatelliteAssemblies\r\n    ",
    "DebugSymbolsProjectOutputGroupDependenciesDependsOn": "\r\n      ;\r\n      \r\n      ;\r\n      BuildOnlySettings;\r\n      PrepareForBuild;\r\n      AssignTargetPaths;\r\n      ResolveReferences\r\n    \r\n    ",
    "DebugSymbolsProjectOutputGroupDependsOn": "",
    "DeferredBuildDependsOn": "",
    "DeploymentComputeClickOnceManifestInfoDependsOn": "\r\n      CleanPublishFolder;\r\n      GetCopyToOutputDirectoryItems;\r\n      _DeploymentGenerateTrustInfo;\r\n      \r\n    ",
    "DesignTimeResolveAssemblyReferencesDependsOn": "\r\n      GetFrameworkPaths;\r\n      GetReferenceAssemblyPaths;\r\n      ResolveReferences\r\n    ",
    "DesignerRuntimeImplementationProjectOutputGroupDependsOn": "\r\n      ;\r\n      \r\n      ;\r\n      BuildOnlySettings;\r\n      PrepareForBuild;\r\n      AssignTargetPaths;\r\n      ResolveReferences\r\n    \r\n    ",
    "DesktopBridgeComFilesOutputGroupDependsOn": "\r\n      \r\n      ;\r\n      BuildOnlySettings;\r\n      PrepareForBuild;\r\n      AssignTargetPaths;\r\n      ResolveReferences\r\n    \r\n      ;\r\n    ",
    "DesktopBridgeCopyLocalOutputGroupDependsOn": "\r\n      \r\n      ;\r\n      BuildOnlySettings;\r\n      PrepareForBuild;\r\n      AssignTargetPaths;\r\n      ResolveReferences\r\n    ;\r\n      ;\r\n    ",
    "DesktopBridgeFrameworkSDKRegistrationOutputGroupDependsOn": "\r\n      \r\n      ;\r\n      BuildOnlySettings;\r\n      PrepareForBuild;\r\n      AssignTargetPaths;\r\n      ResolveReferences\r\n    ;\r\n      \r\n    ",
    "DesktopBridgeOutputGroupsDependsOn": "\r\n      ;\r\n      BuildOnlySettings;\r\n      PrepareForBuild;\r\n      AssignTargetPaths;\r\n      ResolveReferences\r\n    ",
    "DesktopBridgePublishItemsOutputGroupDependsOn": "\r\n      \r\n      ;\r\n      BuildOnlySettings;\r\n      PrepareForBuild;\r\n      AssignTargetPaths;\r\n      ResolveReferences\r\n    ;\r\n      ;\r\n      PublishItemsOutputGroup\r\n    ",
    "DocumentationProjectOutputGroupDependenciesDependsOn": "\r\n      ;\r\n      \r\n      ;\r\n      BuildOnlySettings;\r\n      PrepareForBuild;\r\n      AssignTargetPaths;\r\n      ResolveReferences\r\n    \r\n    ",
    "DocumentationProjectOutputGroupDependsOn": "ResolvedXDCMake;ComputeCLCompileGeneratedXDCFiles",
    "ExpandSDKReferencesDependsOn": "\r\n      ResolveSDKReferences\r\n    ",
    "FindInvalidProjectReferencesDependsOn": "\r\n      GetReferenceTargetPlatformMonikers\r\n    ",
    "FixupCLCompileOptionsDependsOn": "",
    "GenerateManifestsDependsOn": "\r\n      SetWin32ManifestProperties;\r\n      GenerateApplicationManifest;\r\n      GenerateDeploymentManifest\r\n    ",
    "GeneratedFilesOutputGroupDependsOn": "",
    "GetAllReferencesInfoDependsOn": "",
    "GetClCommandLineForReferenceDependsOn": "\r\n      GetPublicIncludeDirectories;\r\n      ;\r\n    ",
    "GetCopyToOutputDirectoryItemsDependsOn": "\r\n      AssignTargetPaths;\r\n      \r\n      AssignProjectConfiguration;\r\n      _SplitProjectReferencesByFileExistence\r\n    ;\r\n      _GetProjectReferenceTargetFrameworkProperties;\r\n      _PopulateCommonStateForGetCopyToOutputDirectoryItems\r\n    ",
    "GetForeignReferencesDependsOn": "",
    "GetInstalledSDKLocationsDependsOn": "",
    "GetProjectInfoForReferenceDependsOn": "\r\n      \r\n      ;\r\n      AddPublicIncludeDirectoriesToProjectsInfoForReference;\r\n    ;\r\n      AddPublicBMIsToProjectsInfoForReference;\r\n      AddDeployRecipeFileToProjectsInfoForReference;\r\n      AddLibrariesToProjectsInfoForReference;\r\n    ",
    "GetPublicIncludeDirectoriesDependsOn": "",
    "GetReferenceAssemblyPathsDependsOn": "_PrepareForReferenceResolution;",
    "GetReferencedVCProjectsInfoDependsOn": "",
    "GetTargetPathDependsOn": "_PrepareForReferenceResolution;GetResolvedWinMD;",
    "GetTargetPathWithTargetPlatformMonikerDependsOn": "",
    "IncrementalCleanDependsOn": "",
    "PostBuildEventDependsOn": "",
    "PreBuildEventDependsOn": "",
    "PrepareForBuildDependsOn": "_CheckWindowsSDKInstalled;;GetFrameworkPaths;GetReferenceAssemblyPaths;AssignLinkMetadata;SetCABuildNativeEnvironmentVariables",
    "PrepareForRunDependsOn": "\r\n            _CalculatePostXamarinTelemetry;\r\n            _PostXamarinTelemetry;\r\n            \r\n      CopyFilesToOutputDirectory\r\n    \r\n        ",
    "PrepareProjectReferencesDependsOn": "\r\n      AssignProjectConfiguration;\r\n      _SplitProjectReferencesByFileExistence;\r\n      _GetProjectReferenceTargetFrameworkProperties;\r\n      _GetProjectReferencePlatformProperties\r\n    ",
    "PrepareResourceNamesDependsOn": "\r\n      AssignTargetPaths;\r\n      SplitResourcesByCulture;\r\n      CreateManifestResourceNames;\r\n      CreateCustomManifestResourceNames\r\n    ",
    "PrepareResourcesDependsOn": "ResolveNuGetPackageAssets;\r\n      XamlMarkupCompilePass1;\r\n      XamlMarkupCompilePass2;\r\n      \r\n      ;\r\n      PrepareResourceNames;\r\n      ResGen;\r\n      CompileLicxFiles\r\n     \r\n    ",
    "PublishBuildDependsOn": "\r\n      BuildOnlySettings;\r\n      PrepareForBuild;\r\n      ResolveReferences;\r\n      PrepareResources;\r\n      ResolveKeySource;\r\n      GenerateSerializationAssemblies;\r\n      CreateSatelliteAssemblies;\r\n    ",
    "PublishDependsOn": "\r\n      _DeploymentUnpublishable\r\n    ",
    "PublishOnlyDependsOn": "\r\n      SetGenerateManifests;\r\n      PublishBuild;\r\n      BeforePublish;\r\n      GenerateManifests;\r\n      CopyFilesToOutputDirectory;\r\n      _CopyFilesToPublishFolder;\r\n      _DeploymentGenerateBootstrapper;\r\n      ResolveKeySource;\r\n      _DeploymentSignClickOnceDeployment;\r\n      AfterPublish\r\n    ",
    "RebuildDependsOn": "SetTelemetryEnvironmentVariables;\r\n      _PrepareForRebuild;\r\n      \r\n      BeforeRebuild;\r\n      Clean;\r\n      Build;\r\n      AfterRebuild;\r\n    ;\r\n    ",
    "ReferenceCopyLocalPathsOutputGroupDependsOn": "\r\n      ;\r\n      \r\n      ;\r\n      BuildOnlySettings;\r\n      PrepareForBuild;\r\n      AssignTargetPaths;\r\n      ResolveReferences\r\n    \r\n    ",
    "ResGenDependsOn": "ResolveAssemblyReferences;SplitResourcesByCulture;BeforeResGen;CoreResGen;AfterResGen",
    "ResolveAssemblyReferencesDependsOn": "_PrepareForReferenceResolution;\r\n      ResolveProjectReferences;\r\n      FindInvalidProjectReferences;\r\n      GetFrameworkPaths;\r\n      GetReferenceAssemblyPaths;\r\n      PrepareForBuild;\r\n      ResolveSDKReferences;\r\n      ExpandSDKReferences;\r\n    ;ResolveNuGetPackageAssets",
    "ResolveNuGetPackageAssetsDependsOn": "ResolveProjectReferences",
    "ResolveReferencesDependsOn": "_PrepareForReferenceResolution;ComputeCrtSDKReference;\r\n      \r\n      BeforeResolveReferences;\r\n      AssignProjectConfiguration;\r\n      ResolveProjectReferences;\r\n      FindInvalidProjectReferences;\r\n      ResolveNativeReferences;\r\n      ResolveAssemblyReferences;\r\n      GenerateBindingRedirects;\r\n      GenerateBindingRedirectsUpdateAppConfig;\r\n      ResolveComReferences;\r\n      AfterResolveReferences\r\n    ;\r\n      ResolveTestReferences\r\n    ",
    "ResolveSDKReferencesDependsOn": "_PrepareForReferenceResolution;ComputeCrtSDKReference;\r\n      GetInstalledSDKLocations\r\n    ",
    "RunCodeAnalysisDependsOn": "",
    "RunDependsOn": "",
    "RunMergeNativeCodeAnalysisDependsOn": "",
    "SDKRedistOutputGroupDependsOn": "ResolveSDKReferences;ExpandSDKReferences",
    "SGenFilesOutputGroupDependenciesDependsOn": "\r\n      ;\r\n      \r\n      ;\r\n      BuildOnlySettings;\r\n      PrepareForBuild;\r\n      AssignTargetPaths;\r\n      ResolveReferences\r\n    \r\n    ",
    "SGenFilesOutputGroupDependsOn": "",
    "SatelliteDllsProjectOutputGroupDependenciesDependsOn": "\r\n      ;\r\n      \r\n      ;\r\n      BuildOnlySettings;\r\n      PrepareForBuild;\r\n      AssignTargetPaths;\r\n      ResolveReferences\r\n    \r\n    ",
    "SatelliteDllsProjectOutputGroupDependsOn": ";PrepareForBuild;PrepareResourceNames",
    "SetBuildDefaultEnvironmentVariablesDependsOn": "\r\n      AddExternalIncludDirectoriesToPaths;\r\n      \r\n    ",
    "SetModuleDependenciesDependsOn": "",
    "SourceFilesProjectOutputGroupDependsOn": "PrepareForBuild;AssignTargetPaths",
    "TlogCleanupDependsOn": "",
    "UnmanagedRegistrationDependsOn": "",
    "UnmanagedUnregistrationDependsOn": "",
    "WriteAnalysisResultManifestDependsOn": "",
    "_CheckWindowsSDKInstalledDependsOn": "",
    "_CreateCopyFileItemsDependsOn": "",
    "_GenerateAppxManifestDependsOn": ";_FixVCLibs120References",
    "_ManifestDependsOn": "\r\n      ;\r\n      \r\n      ;\r\n      ComputeManifestInputsTargets;\r\n    ;\r\n      Manifest;\r\n      ComputeManifestGeneratedLinkerInputs;\r\n    "
  }
}
